../Core/Src/main.c:112:5:main	16	static
../Core/Src/main.c:176:6:SystemClock_Config	96	static
../Core/Src/main.c:220:6:updateDisplay	24	static
../Core/Src/main.c:232:6:initializeClocks	24	static
../Core/Src/main.c:239:6:initializationOfJoystick	8	static
../Core/Src/main.c:243:6:initializationOfDigit	8	static
../Core/Src/main.c:247:6:initializationOfSegments	16	static
../Core/Src/main.c:254:6:initliazePinToOutput	40	static
../Core/Src/main.c:265:6:initliazePinToInput	40	static
../Core/Src/main.c:283:6:Error_Handler	4	static
