../Core/Src/main.c:117:5:main	16	static
../Core/Src/main.c:181:6:SystemClock_Config	96	static
../Core/Src/main.c:225:6:updateDisplay	24	static
../Core/Src/main.c:237:6:initializeClocks	24	static
../Core/Src/main.c:244:6:initializationOfJoystick	8	static
../Core/Src/main.c:248:6:initializationOfDigit	16	static
../Core/Src/main.c:255:6:initializationOfSegments	16	static
../Core/Src/main.c:262:6:initliazePinToOutput	40	static
../Core/Src/main.c:273:6:initliazePinToInput	40	static
../Core/Src/main.c:291:6:Error_Handler	4	static
