Archive member included to satisfy reference by file (symbol)

/opt/st/stm32cubeide_1.16.1/plugins/com.st.stm32cube.ide.mcu.externaltools.gnu-tools-for-stm32.12.3.rel1.linux64_1.0.200.202406132123/tools/bin/../lib/gcc/arm-none-eabi/12.3.1/../../../../arm-none-eabi/lib/thumb/v7e-m+fp/hard/libc_nano.a(libc_a-exit.o)
                              /opt/st/stm32cubeide_1.16.1/plugins/com.st.stm32cube.ide.mcu.externaltools.gnu-tools-for-stm32.12.3.rel1.linux64_1.0.200.202406132123/tools/bin/../lib/gcc/arm-none-eabi/12.3.1/../../../../arm-none-eabi/lib/thumb/v7e-m+fp/hard/crt0.o (exit)
/opt/st/stm32cubeide_1.16.1/plugins/com.st.stm32cube.ide.mcu.externaltools.gnu-tools-for-stm32.12.3.rel1.linux64_1.0.200.202406132123/tools/bin/../lib/gcc/arm-none-eabi/12.3.1/../../../../arm-none-eabi/lib/thumb/v7e-m+fp/hard/libc_nano.a(libc_a-findfp.o)
                              /opt/st/stm32cubeide_1.16.1/plugins/com.st.stm32cube.ide.mcu.externaltools.gnu-tools-for-stm32.12.3.rel1.linux64_1.0.200.202406132123/tools/bin/../lib/gcc/arm-none-eabi/12.3.1/../../../../arm-none-eabi/lib/thumb/v7e-m+fp/hard/libc_nano.a(libc_a-exit.o) (__stdio_exit_handler)
/opt/st/stm32cubeide_1.16.1/plugins/com.st.stm32cube.ide.mcu.externaltools.gnu-tools-for-stm32.12.3.rel1.linux64_1.0.200.202406132123/tools/bin/../lib/gcc/arm-none-eabi/12.3.1/../../../../arm-none-eabi/lib/thumb/v7e-m+fp/hard/libc_nano.a(libc_a-fwalk.o)
                              /opt/st/stm32cubeide_1.16.1/plugins/com.st.stm32cube.ide.mcu.externaltools.gnu-tools-for-stm32.12.3.rel1.linux64_1.0.200.202406132123/tools/bin/../lib/gcc/arm-none-eabi/12.3.1/../../../../arm-none-eabi/lib/thumb/v7e-m+fp/hard/libc_nano.a(libc_a-findfp.o) (_fwalk_sglue)
/opt/st/stm32cubeide_1.16.1/plugins/com.st.stm32cube.ide.mcu.externaltools.gnu-tools-for-stm32.12.3.rel1.linux64_1.0.200.202406132123/tools/bin/../lib/gcc/arm-none-eabi/12.3.1/../../../../arm-none-eabi/lib/thumb/v7e-m+fp/hard/libc_nano.a(libc_a-stdio.o)
                              /opt/st/stm32cubeide_1.16.1/plugins/com.st.stm32cube.ide.mcu.externaltools.gnu-tools-for-stm32.12.3.rel1.linux64_1.0.200.202406132123/tools/bin/../lib/gcc/arm-none-eabi/12.3.1/../../../../arm-none-eabi/lib/thumb/v7e-m+fp/hard/libc_nano.a(libc_a-findfp.o) (__sread)
/opt/st/stm32cubeide_1.16.1/plugins/com.st.stm32cube.ide.mcu.externaltools.gnu-tools-for-stm32.12.3.rel1.linux64_1.0.200.202406132123/tools/bin/../lib/gcc/arm-none-eabi/12.3.1/../../../../arm-none-eabi/lib/thumb/v7e-m+fp/hard/libc_nano.a(libc_a-memset.o)
                              /opt/st/stm32cubeide_1.16.1/plugins/com.st.stm32cube.ide.mcu.externaltools.gnu-tools-for-stm32.12.3.rel1.linux64_1.0.200.202406132123/tools/bin/../lib/gcc/arm-none-eabi/12.3.1/../../../../arm-none-eabi/lib/thumb/v7e-m+fp/hard/crt0.o (memset)
/opt/st/stm32cubeide_1.16.1/plugins/com.st.stm32cube.ide.mcu.externaltools.gnu-tools-for-stm32.12.3.rel1.linux64_1.0.200.202406132123/tools/bin/../lib/gcc/arm-none-eabi/12.3.1/../../../../arm-none-eabi/lib/thumb/v7e-m+fp/hard/libc_nano.a(libc_a-closer.o)
                              /opt/st/stm32cubeide_1.16.1/plugins/com.st.stm32cube.ide.mcu.externaltools.gnu-tools-for-stm32.12.3.rel1.linux64_1.0.200.202406132123/tools/bin/../lib/gcc/arm-none-eabi/12.3.1/../../../../arm-none-eabi/lib/thumb/v7e-m+fp/hard/libc_nano.a(libc_a-stdio.o) (_close_r)
/opt/st/stm32cubeide_1.16.1/plugins/com.st.stm32cube.ide.mcu.externaltools.gnu-tools-for-stm32.12.3.rel1.linux64_1.0.200.202406132123/tools/bin/../lib/gcc/arm-none-eabi/12.3.1/../../../../arm-none-eabi/lib/thumb/v7e-m+fp/hard/libc_nano.a(libc_a-reent.o)
                              /opt/st/stm32cubeide_1.16.1/plugins/com.st.stm32cube.ide.mcu.externaltools.gnu-tools-for-stm32.12.3.rel1.linux64_1.0.200.202406132123/tools/bin/../lib/gcc/arm-none-eabi/12.3.1/../../../../arm-none-eabi/lib/thumb/v7e-m+fp/hard/libc_nano.a(libc_a-closer.o) (errno)
/opt/st/stm32cubeide_1.16.1/plugins/com.st.stm32cube.ide.mcu.externaltools.gnu-tools-for-stm32.12.3.rel1.linux64_1.0.200.202406132123/tools/bin/../lib/gcc/arm-none-eabi/12.3.1/../../../../arm-none-eabi/lib/thumb/v7e-m+fp/hard/libc_nano.a(libc_a-impure.o)
                              /opt/st/stm32cubeide_1.16.1/plugins/com.st.stm32cube.ide.mcu.externaltools.gnu-tools-for-stm32.12.3.rel1.linux64_1.0.200.202406132123/tools/bin/../lib/gcc/arm-none-eabi/12.3.1/../../../../arm-none-eabi/lib/thumb/v7e-m+fp/hard/libc_nano.a(libc_a-reent.o) (_impure_ptr)
/opt/st/stm32cubeide_1.16.1/plugins/com.st.stm32cube.ide.mcu.externaltools.gnu-tools-for-stm32.12.3.rel1.linux64_1.0.200.202406132123/tools/bin/../lib/gcc/arm-none-eabi/12.3.1/../../../../arm-none-eabi/lib/thumb/v7e-m+fp/hard/libc_nano.a(libc_a-lseekr.o)
                              /opt/st/stm32cubeide_1.16.1/plugins/com.st.stm32cube.ide.mcu.externaltools.gnu-tools-for-stm32.12.3.rel1.linux64_1.0.200.202406132123/tools/bin/../lib/gcc/arm-none-eabi/12.3.1/../../../../arm-none-eabi/lib/thumb/v7e-m+fp/hard/libc_nano.a(libc_a-stdio.o) (_lseek_r)
[...]
Memory Configuration

Name             Origin             Length             Attributes
RAM              0x20000000         0x00040000         xrw
RAM2             0x10000000         0x00010000         xrw
FLASH            0x08000000         0x00100000         xr
*default*        0x00000000         0xffffffff

Linker script and memory map

LOAD /opt/st/stm32cubeide_1.16.1/plugins/com.st.stm32cube.ide.mcu.externaltools.gnu-tools-for-stm32.12.3.rel1.linux64_1.0.200.202406132123/tools/bin/../lib/gcc/arm-none-eabi/12.3.1/thumb/v7e-m+fp/hard/crti.o
LOAD /opt/st/stm32cubeide_1.16.1/plugins/com.st.stm32cube.ide.mcu.externaltools.gnu-tools-for-stm32.12.3.rel1.linux64_1.0.200.202406132123/tools/bin/../lib/gcc/arm-none-eabi/12.3.1/thumb/v7e-m+fp/hard/crtbegin.o
LOAD /opt/st/stm32cubeide_1.16.1/plugins/com.st.stm32cube.ide.mcu.externaltools.gnu-tools-for-stm32.12.3.rel1.linux64_1.0.200.202406132123/tools/bin/../lib/gcc/arm-none-eabi/12.3.1/../../../../arm-none-eabi/lib/thumb/v7e-m+fp/hard/crt0.o
LOAD ./Src/main.o
LOAD ./Src/syscalls.o
LOAD ./Src/sysmem.o
LOAD ./Src/system_stm32l4xx.o
LOAD ./Startup/startup_stm32l496zgtx.o
START GROUP
LOAD /opt/st/stm32cubeide_1.16.1/plugins/com.st.stm32cube.ide.mcu.externaltools.gnu-tools-for-stm32.12.3.rel1.linux64_1.0.200.202406132123/tools/bin/../lib/gcc/arm-none-eabi/12.3.1/../../../../arm-none-eabi/lib/thumb/v7e-m+fp/hard/libc_nano.a
LOAD /opt/st/stm32cubeide_1.16.1/plugins/com.st.stm32cube.ide.mcu.externaltools.gnu-tools-for-stm32.12.3.rel1.linux64_1.0.200.202406132123/tools/bin/../lib/gcc/arm-none-eabi/12.3.1/../../../../arm-none-eabi/lib/thumb/v7e-m+fp/hard/libm.a
END GROUP
START GROUP
LOAD /opt/st/stm32cubeide_1.16.1/plugins/com.st.stm32cube.ide.mcu.externaltools.gnu-tools-for-stm32.12.3.rel1.linux64_1.0.200.202406132123/tools/bin/../lib/gcc/arm-none-eabi/12.3.1/thumb/v7e-m+fp/hard/libgcc.a
LOAD /opt/st/stm32cubeide_1.16.1/plugins/com.st.stm32cube.ide.mcu.externaltools.gnu-tools-for-stm32.12.3.rel1.linux64_1.0.200.202406132123/tools/bin/../lib/gcc/arm-none-eabi/12.3.1/../../../../arm-none-eabi/lib/thumb/v7e-m+fp/hard/libc_nano.a
END GROUP
START GROUP
LOAD /opt/st/stm32cubeide_1.16.1/plugins/com.st.stm32cube.ide.mcu.externaltools.gnu-tools-for-stm32.12.3.rel1.linux64_1.0.200.202406132123/tools/bin/../lib/gcc/arm-none-eabi/12.3.1/thumb/v7e-m+fp/hard/libgcc.a
LOAD /opt/st/stm32cubeide_1.16.1/plugins/com.st.stm32cube.ide.mcu.externaltools.gnu-tools-for-stm32.12.3.rel1.linux64_1.0.200.202406132123/tools/bin/../lib/gcc/arm-none-eabi/12.3.1/../../../../arm-none-eabi/lib/thumb/v7e-m+fp/hard/libc_nano.a
LOAD /opt/st/stm32cubeide_1.16.1/plugins/com.st.stm32cube.ide.mcu.externaltools.gnu-tools-for-stm32.12.3.rel1.linux64_1.0.200.202406132123/tools/bin/../lib/gcc/arm-none-eabi/12.3.1/../../../../arm-none-eabi/lib/thumb/v7e-m+fp/hard/libnosys.a
END GROUP
START GROUP
LOAD /opt/st/stm32cubeide_1.16.1/plugins/com.st.stm32cube.ide.mcu.externaltools.gnu-tools-for-stm32.12.3.rel1.linux64_1.0.200.202406132123/tools/bin/../lib/gcc/arm-none-eabi/12.3.1/thumb/v7e-m+fp/hard/libgcc.a
LOAD /opt/st/stm32cubeide_1.16.1/plugins/com.st.stm32cube.ide.mcu.externaltools.gnu-tools-for-stm32.12.3.rel1.linux64_1.0.200.202406132123/tools/bin/../lib/gcc/arm-none-eabi/12.3.1/../../../../arm-none-eabi/lib/thumb/v7e-m+fp/hard/libc_nano.a
LOAD /opt/st/stm32cubeide_1.16.1/plugins/com.st.stm32cube.ide.mcu.externaltools.gnu-tools-for-stm32.12.3.rel1.linux64_1.0.200.202406132123/tools/bin/../lib/gcc/arm-none-eabi/12.3.1/../../../../arm-none-eabi/lib/thumb/v7e-m+fp/hard/libnosys.a
END GROUP
LOAD /opt/st/stm32cubeide_1.16.1/plugins/com.st.stm32cube.ide.mcu.externaltools.gnu-tools-for-stm32.12.3.rel1.linux64_1.0.200.202406132123/tools/bin/../lib/gcc/arm-none-eabi/12.3.1/thumb/v7e-m+fp/hard/crtend.o
LOAD /opt/st/stm32cubeide_1.16.1/plugins/com.st.stm32cube.ide.mcu.externaltools.gnu-tools-for-stm32.12.3.rel1.linux64_1.0.200.202406132123/tools/bin/../lib/gcc/arm-none-eabi/12.3.1/thumb/v7e-m+fp/hard/crtn.o
                0x20040000                        _estack = (ORIGIN (RAM) + LENGTH (RAM))
                0x00000200                        _Min_Heap_Size = 0x200
                0x00000400                        _Min_Stack_Size = 0x400

.isr_vector     0x08000000      0x1ac
                0x08000000                        . = ALIGN (0x4)
 *(.isr_vector)
 .isr_vector    0x08000000      0x1ac ./Startup/startup_stm32l496zgtx.o
                0x08000000                g_pfnVectors
                0x080001ac                        . = ALIGN (0x4)

.text           0x080001ac      0x66c
                0x080001ac                        . = ALIGN (0x4)
 *(.text)
 .text          0x080001ac       0x40 /opt/st/stm32cubeide_1.16.1/plugins/com.st.stm32cube.ide.mcu.externaltools.gnu-tools-for-stm32.12.3.rel1.linux64_1.0.200.202406132123/tools/bin/../lib/gcc/arm-none-eabi/12.3.1/thumb/v7e-m+fp/hard/crtbegin.o
 *(.text*)
 .text.main     0x080001ec       0x98 ./Src/main.o
                0x080001ec                main
 .text.initializePinToOutput
                0x08000284       0x32 ./Src/main.o
                0x08000284                initializePinToOutput
 .text.initializePinToInput
                0x080002b6       0x34 ./Src/main.o
                0x080002b6                initializePinToInput
 *fill*         0x080002ea        0x2 
 .text.enableClockGPIOB
                0x080002ec       0x20 ./Src/main.o
                0x080002ec                enableClockGPIOB
 .text.enableClockGPIOE
                0x0800030c       0x20 ./Src/main.o
                0x0800030c                enableClockGPIOE
 .text.enableClockGPIOG
                0x0800032c       0x20 ./Src/main.o
                0x0800032c                enableClockGPIOG
 .text.enableVDDIO2
                0x0800034c       0x20 ./Src/main.o
                0x0800034c                enableVDDIO2
 .text.readValueGpio
                0x0800036c       0x2c ./Src/main.o
                0x0800036c                readValueGpio
 .text.setValueGpio
                0x08000398       0x42 ./Src/main.o
                0x08000398                setValueGpio
 *fill*         0x080003da        0x2 
 .text.initializeGPIO
                0x080003dc       0x90 ./Src/main.o
                0x080003dc                initializeGPIO
 .text.delay    0x0800046c       0x22 ./Src/main.o
                0x0800046c                delay
 *fill*         0x0800048e        0x2 
 .text.updateDisplay
                0x08000490       0xd4 ./Src/main.o
                0x08000490                updateDisplay
 .text.SystemInit
                0x08000564       0xa4 ./Src/system_stm32l4xx.o
                0x08000564                SystemInit
 .text.SystemCoreClockUpdate
                0x08000608      0x15c ./Src/system_stm32l4xx.o
                0x08000608                SystemCoreClockUpdate
 .text.Reset_Handler
                0x08000764       0x50 ./Startup/startup_stm32l496zgtx.o
                0x08000764                Reset_Handler
 .text.Default_Handler
                0x080007b4        0x2 ./Startup/startup_stm32l496zgtx.o
                0x080007b4                EXTI2_IRQHandler
                0x080007b4                TIM8_TRG_COM_IRQHandler
                0x080007b4                TIM8_CC_IRQHandler
                0x080007b4                DebugMon_Handler
                0x080007b4                DMA1_CH4_IRQHandler
                0x080007b4                TIM1_CC_IRQHandler
                0x080007b4                TSC_IRQHandler
                0x080007b4                HardFault_Handler
                0x080007b4                SysTick_Handler
                0x080007b4                TAMP_STAMP_IRQHandler
                0x080007b4                PendSV_Handler
                0x080007b4                NMI_Handler
                0x080007b4                CAN2_RX1_IRQHandler
                0x080007b4                EXTI3_IRQHandler
                0x080007b4                LPTIM2_IRQHandler
                0x080007b4                DFSDM1_FLT1_IRQHandler
                0x080007b4                I2C3_ER_IRQHandler
                0x080007b4                DFSDM1_FLT2_IRQHandler
                0x080007b4                TIM6_DACUNDER_IRQHandler
                0x080007b4                EXTI0_IRQHandler
                0x080007b4                I2C2_EV_IRQHandler
                0x080007b4                DMA2_CH1_IRQHandler
                0x080007b4                CAN1_RX0_IRQHandler
                0x080007b4                TIM1_UP_TIM16_IRQHandler
                0x080007b4                DMA2_CH7_IRQHandler
                0x080007b4                UsageFault_Handler
                0x080007b4                CAN2_SCE_IRQHandler
                0x080007b4                ADC1_2_IRQHandler
                0x080007b4                SPI1_IRQHandler
                0x080007b4                DMA1_CH7_IRQHandler
                0x080007b4                DCMI_IRQHandler
                0x080007b4                CAN2_RX0_IRQHandler
                0x080007b4                TIM8_UP_IRQHandler
                0x080007b4                RTC_ALARM_IRQHandler
                0x080007b4                SAI2_IRQHandler
                0x080007b4                DFSDM1_FLT3_IRQHandler
                0x080007b4                DMA1_CH6_IRQHandler
                0x080007b4                USART3_IRQHandler
                0x080007b4                CAN1_RX1_IRQHandler
                0x080007b4                LCD_IRQHandler
                0x080007b4                UART5_IRQHandler
                0x080007b4                ADC3_IRQHandler
                0x080007b4                TIM4_IRQHandler
                0x080007b4                QUADSPI_IRQHandler
                0x080007b4                I2C1_EV_IRQHandler
                0x080007b4                DMA2_CH5_IRQHandler
                0x080007b4                UART4_IRQHandler
                0x080007b4                DMA1_CH3_IRQHandler
                0x080007b4                TIM3_IRQHandler
                0x080007b4                RCC_IRQHandler
                0x080007b4                Default_Handler
                0x080007b4                EXTI15_10_IRQHandler
                0x080007b4                TIM7_IRQHandler
                0x080007b4                SDMMC1_IRQHandler
                0x080007b4                CAN2_TX_IRQHandler
                0x080007b4                TIM5_IRQHandler
                0x080007b4                I2C3_EV_IRQHandler
                0x080007b4                EXTI9_5_IRQHandler
                0x080007b4                DMA1_CH2_IRQHandler
                0x080007b4                RTC_WKUP_IRQHandler
                0x080007b4                RNG_HASH_IRQHandler
                0x080007b4                PVD_PVM_IRQHandler
                0x080007b4                SPI2_IRQHandler
                0x080007b4                DMA1_CH1_IRQHandler
                0x080007b4                MemManage_Handler
                0x080007b4                CAN1_TX_IRQHandler
                0x080007b4                SVC_Handler
                0x080007b4                CRS_IRQHandler
                0x080007b4                EXTI4_IRQHandler
                0x080007b4                TIM1_TRG_COM_TIM17_IRQHandler
                0x080007b4                COMP_IRQHandler
                0x080007b4                WWDG_IRQHandler
                0x080007b4                I2C4_EV_IRQHandler
                0x080007b4                LPUART1_IRQHandler
                0x080007b4                TIM2_IRQHandler
                0x080007b4                DMA2D_IRQHandler
                0x080007b4                EXTI1_IRQHandler
                0x080007b4                AES_IRQHandler
                0x080007b4                USART2_IRQHandler
                0x080007b4                DFSDM1_FLT0_IRQHandler
                0x080007b4                I2C2_ER_IRQHandler
                0x080007b4                TIM8_BRK_IRQHandler
                0x080007b4                CAN1_SCE_IRQHandler
                0x080007b4                FLASH_IRQHandler
                0x080007b4                BusFault_Handler
                0x080007b4                USART1_IRQHandler
                0x080007b4                OTG_FS_IRQHandler
                0x080007b4                SPI3_IRQHandler
                0x080007b4                DMA2_CH6_IRQHandler
                0x080007b4                DMA2_CH3_IRQHandler
                0x080007b4                DMA2_CH2_IRQHandler
                0x080007b4                I2C1_ER_IRQHandler
                0x080007b4                FMC_IRQHandler
                0x080007b4                DMA1_CH5_IRQHandler
                0x080007b4                DMA2_CH4_IRQHandler
                0x080007b4                SWPMI1_IRQHandler
                0x080007b4                LPTIM1_IRQHandler
                0x080007b4                I2C4_ER_IRQHandler
                0x080007b4                SAI1_IRQHandler
                0x080007b4                TIM1_BRK_TIM15_IRQHandler
 *fill*         0x080007b6        0x2 
 .text.__libc_init_array
                0x080007b8       0x48 /opt/st/stm32cubeide_1.16.1/plugins/com.st.stm32cube.ide.mcu.externaltools.gnu-tools-for-stm32.12.3.rel1.linux64_1.0.200.202406132123/tools/bin/../lib/gcc/arm-none-eabi/12.3.1/../../../../arm-none-eabi/lib/thumb/v7e-m+fp/hard/libc_nano.a(libc_a-init.o)
                0x080007b8                __libc_init_array
 *(.glue_7)
 .glue_7        0x08000800        0x0 linker stubs
 *(.glue_7t)
 .glue_7t       0x08000800        0x0 linker stubs
 *(.eh_frame)
 .eh_frame      0x08000800        0x0 /opt/st/stm32cubeide_1.16.1/plugins/com.st.stm32cube.ide.mcu.externaltools.gnu-tools-for-stm32.12.3.rel1.linux64_1.0.200.202406132123/tools/bin/../lib/gcc/arm-none-eabi/12.3.1/thumb/v7e-m+fp/hard/crtbegin.o
 *(.init)
 .init          0x08000800        0x4 /opt/st/stm32cubeide_1.16.1/plugins/com.st.stm32cube.ide.mcu.externaltools.gnu-tools-for-stm32.12.3.rel1.linux64_1.0.200.202406132123/tools/bin/../lib/gcc/arm-none-eabi/12.3.1/thumb/v7e-m+fp/hard/crti.o
                0x08000800                _init
 .init          0x08000804        0x8 /opt/st/stm32cubeide_1.16.1/plugins/com.st.stm32cube.ide.mcu.externaltools.gnu-tools-for-stm32.12.3.rel1.linux64_1.0.200.202406132123/tools/bin/../lib/gcc/arm-none-eabi/12.3.1/thumb/v7e-m+fp/hard/crtn.o
 *(.fini)
 .fini          0x0800080c        0x4 /opt/st/stm32cubeide_1.16.1/plugins/com.st.stm32cube.ide.mcu.externaltools.gnu-tools-for-stm32.12.3.rel1.linux64_1.0.200.202406132123/tools/bin/../lib/gcc/arm-none-eabi/12.3.1/thumb/v7e-m+fp/hard/crti.o
                0x0800080c                _fini
 .fini          0x08000810        0x8 /opt/st/stm32cubeide_1.16.1/plugins/com.st.stm32cube.ide.mcu.externaltools.gnu-tools-for-stm32.12.3.rel1.linux64_1.0.200.202406132123/tools/bin/../lib/gcc/arm-none-eabi/12.3.1/thumb/v7e-m+fp/hard/crtn.o
                0x08000818                        . = ALIGN (0x4)
                0x08000818                        _etext = .

.vfp11_veneer   0x08000818        0x0
 .vfp11_veneer  0x08000818        0x0 linker stubs

.v4_bx          0x08000818        0x0
 .v4_bx         0x08000818        0x0 linker stubs

.iplt           0x08000818        0x0
 .iplt          0x08000818        0x0 /opt/st/stm32cubeide_1.16.1/plugins/com.st.stm32cube.ide.mcu.externaltools.gnu-tools-for-stm32.12.3.rel1.linux64_1.0.200.202406132123/tools/bin/../lib/gcc/arm-none-eabi/12.3.1/thumb/v7e-m+fp/hard/crtbegin.o

.rodata         0x08000818       0x78
                0x08000818                        . = ALIGN (0x4)
 *(.rodata)
 *(.rodata*)
 .rodata.SEGMENTS_PINS
                0x08000818       0x1c ./Src/main.o
                0x08000818                SEGMENTS_PINS
 .rodata.DIGITS_PINS
                0x08000834       0x10 ./Src/main.o
                0x08000834                DIGITS_PINS
 .rodata.digit_patterns
                0x08000844        0xa ./Src/main.o
                0x08000844                digit_patterns
 *fill*         0x0800084e        0x2 
 .rodata.AHBPrescTable
                0x08000850       0x10 ./Src/system_stm32l4xx.o
                0x08000850                AHBPrescTable
 .rodata.MSIRangeTable
                0x08000860       0x30 ./Src/system_stm32l4xx.o
                0x08000860                MSIRangeTable
                0x08000890                        . = ALIGN (0x4)

.ARM.extab      0x08000890        0x0
                0x08000890                        . = ALIGN (0x4)
 *(.ARM.extab* .gnu.linkonce.armextab.*)
                0x08000890                        . = ALIGN (0x4)

.ARM            0x08000890        0x0
                0x08000890                        . = ALIGN (0x4)
                0x08000890                        __exidx_start = .
 *(.ARM.exidx*)
                0x08000890                        __exidx_end = .
                0x08000890                        . = ALIGN (0x4)

.preinit_array  0x08000890        0x0
                0x08000890                        . = ALIGN (0x4)
                0x08000890                        PROVIDE (__preinit_array_start = .)
 *(.preinit_array*)
                0x08000890                        PROVIDE (__preinit_array_end = .)
                0x08000890                        . = ALIGN (0x4)

.init_array     0x08000890        0x4
                0x08000890                        . = ALIGN (0x4)
                0x08000890                        PROVIDE (__init_array_start = .)
 *(SORT_BY_NAME(.init_array.*))
 *(.init_array*)
 .init_array    0x08000890        0x4 /opt/st/stm32cubeide_1.16.1/plugins/com.st.stm32cube.ide.mcu.externaltools.gnu-tools-for-stm32.12.3.rel1.linux64_1.0.200.202406132123/tools/bin/../lib/gcc/arm-none-eabi/12.3.1/thumb/v7e-m+fp/hard/crtbegin.o
                0x08000894                        PROVIDE (__init_array_end = .)
                0x08000894                        . = ALIGN (0x4)

.fini_array     0x08000894        0x4
                0x08000894                        . = ALIGN (0x4)
                [!provide]                        PROVIDE (__fini_array_start = .)
 *(SORT_BY_NAME(.fini_array.*))
 *(.fini_array*)
 .fini_array    0x08000894        0x4 /opt/st/stm32cubeide_1.16.1/plugins/com.st.stm32cube.ide.mcu.externaltools.gnu-tools-for-stm32.12.3.rel1.linux64_1.0.200.202406132123/tools/bin/../lib/gcc/arm-none-eabi/12.3.1/thumb/v7e-m+fp/hard/crtbegin.o
                [!provide]                        PROVIDE (__fini_array_end = .)
                0x08000898                        . = ALIGN (0x4)
                0x08000898                        _sidata = LOADADDR (.data)

.rel.dyn        0x08000898        0x0
 .rel.iplt      0x08000898        0x0 /opt/st/stm32cubeide_1.16.1/plugins/com.st.stm32cube.ide.mcu.externaltools.gnu-tools-for-stm32.12.3.rel1.linux64_1.0.200.202406132123/tools/bin/../lib/gcc/arm-none-eabi/12.3.1/thumb/v7e-m+fp/hard/crtbegin.o

.data           0x20000000        0x4 load address 0x08000898
                0x20000000                        . = ALIGN (0x4)
                0x20000000                        _sdata = .
 *(.data)
 *(.data*)
 .data.SystemCoreClock
                0x20000000        0x4 ./Src/system_stm32l4xx.o
                0x20000000                SystemCoreClock
 *(.RamFunc)
 *(.RamFunc*)
                0x20000004                        . = ALIGN (0x4)
                0x20000004                        _edata = .

.igot.plt       0x20000004        0x0 load address 0x0800089c
 .igot.plt      0x20000004        0x0 /opt/st/stm32cubeide_1.16.1/plugins/com.st.stm32cube.ide.mcu.externaltools.gnu-tools-for-stm32.12.3.rel1.linux64_1.0.200.202406132123/tools/bin/../lib/gcc/arm-none-eabi/12.3.1/thumb/v7e-m+fp/hard/crtbegin.o
                0x20000004                        . = ALIGN (0x4)

.bss            0x20000004       0x1c load address 0x0800089c
                0x20000004                        _sbss = .
                0x20000004                        __bss_start__ = _sbss
 *(.bss)
 .bss           0x20000004       0x1c /opt/st/stm32cubeide_1.16.1/plugins/com.st.stm32cube.ide.mcu.externaltools.gnu-tools-for-stm32.12.3.rel1.linux64_1.0.200.202406132123/tools/bin/../lib/gcc/arm-none-eabi/12.3.1/thumb/v7e-m+fp/hard/crtbegin.o
 *(.bss*)
 *(COMMON)
                0x20000020                        . = ALIGN (0x4)
                0x20000020                        _ebss = .
                0x20000020                        __bss_end__ = _ebss

._user_heap_stack
                0x20000020      0x600 load address 0x0800089c
                0x20000020                        . = ALIGN (0x8)
                [!provide]                        PROVIDE (end = .)
                0x20000020                        PROVIDE (_end = .)
                0x20000220                        . = (. + _Min_Heap_Size)
 *fill*         0x20000020      0x200 
                0x20000620                        . = (. + _Min_Stack_Size)
 *fill*         0x20000220      0x400 
                0x20000620                        . = ALIGN (0x8)

/DISCARD/
 libc.a(*)
 libm.a(*)
 libgcc.a(*)

.ARM.attributes
                0x00000000       0x30
 *(.ARM.attributes)
 .ARM.attributes
                0x00000000       0x22 /opt/st/stm32cubeide_1.16.1/plugins/com.st.stm32cube.ide.mcu.externaltools.gnu-tools-for-stm32.12.3.rel1.linux64_1.0.200.202406132123/tools/bin/../lib/gcc/arm-none-eabi/12.3.1/thumb/v7e-m+fp/hard/crti.o
 .ARM.attributes
                0x00000022       0x34 /opt/st/stm32cubeide_1.16.1/plugins/com.st.stm32cube.ide.mcu.externaltools.gnu-tools-for-stm32.12.3.rel1.linux64_1.0.200.202406132123/tools/bin/../lib/gcc/arm-none-eabi/12.3.1/thumb/v7e-m+fp/hard/crtbegin.o
 .ARM.attributes
                0x00000056       0x34 ./Src/main.o
 .ARM.attributes
                0x0000008a       0x34 ./Src/system_stm32l4xx.o
 .ARM.attributes
                0x000000be       0x21 ./Startup/startup_stm32l496zgtx.o
 .ARM.attributes
                0x000000df       0x34 /opt/st/stm32cubeide_1.16.1/plugins/com.st.stm32cube.ide.mcu.externaltools.gnu-tools-for-stm32.12.3.rel1.linux64_1.0.200.202406132123/tools/bin/../lib/gcc/arm-none-eabi/12.3.1/../../../../arm-none-eabi/lib/thumb/v7e-m+fp/hard/libc_nano.a(libc_a-init.o)
 .ARM.attributes
                0x00000113       0x22 /opt/st/stm32cubeide_1.16.1/plugins/com.st.stm32cube.ide.mcu.externaltools.gnu-tools-for-stm32.12.3.rel1.linux64_1.0.200.202406132123/tools/bin/../lib/gcc/arm-none-eabi/12.3.1/thumb/v7e-m+fp/hard/crtn.o
OUTPUT(STM32_Base_Project.elf elf32-littlearm)
LOAD linker stubs
LOAD /opt/st/stm32cubeide_1.16.1/plugins/com.st.stm32cube.ide.mcu.externaltools.gnu-tools-for-stm32.12.3.rel1.linux64_1.0.200.202406132123/tools/bin/../lib/gcc/arm-none-eabi/12.3.1/../../../../arm-none-eabi/lib/thumb/v7e-m+fp/hard/libc.a
LOAD /opt/st/stm32cubeide_1.16.1/plugins/com.st.stm32cube.ide.mcu.externaltools.gnu-tools-for-stm32.12.3.rel1.linux64_1.0.200.202406132123/tools/bin/../lib/gcc/arm-none-eabi/12.3.1/../../../../arm-none-eabi/lib/thumb/v7e-m+fp/hard/libm.a
LOAD /opt/st/stm32cubeide_1.16.1/plugins/com.st.stm32cube.ide.mcu.externaltools.gnu-tools-for-stm32.12.3.rel1.linux64_1.0.200.202406132123/tools/bin/../lib/gcc/arm-none-eabi/12.3.1/thumb/v7e-m+fp/hard/libgcc.a

.debug_info     0x00000000      0x902
 .debug_info    0x00000000      0x38a ./Src/main.o
 .debug_info    0x0000038a      0x548 ./Src/system_stm32l4xx.o
 .debug_info    0x000008d2       0x30 ./Startup/startup_stm32l496zgtx.o

.debug_abbrev   0x00000000      0x2c6
 .debug_abbrev  0x00000000      0x1a7 ./Src/main.o
 .debug_abbrev  0x000001a7       0xfb ./Src/system_stm32l4xx.o
 .debug_abbrev  0x000002a2       0x24 ./Startup/startup_stm32l496zgtx.o

.debug_aranges  0x00000000       0xc8
 .debug_aranges
                0x00000000       0x78 ./Src/main.o
 .debug_aranges
                0x00000078       0x28 ./Src/system_stm32l4xx.o
 .debug_aranges
                0x000000a0       0x28 ./Startup/startup_stm32l496zgtx.o

.debug_rnglists
                0x00000000       0x8c
 .debug_rnglists
                0x00000000       0x58 ./Src/main.o
 .debug_rnglists
                0x00000058       0x1b ./Src/system_stm32l4xx.o
 .debug_rnglists
                0x00000073       0x19 ./Startup/startup_stm32l496zgtx.o

.debug_macro    0x00000000     0x1dd6
 .debug_macro   0x00000000      0x2f3 ./Src/main.o
 .debug_macro   0x000002f3      0xaba ./Src/main.o
 .debug_macro   0x00000dad       0x22 ./Src/main.o
 .debug_macro   0x00000dcf       0x8e ./Src/main.o
 .debug_macro   0x00000e5d       0x51 ./Src/main.o
 .debug_macro   0x00000eae      0x103 ./Src/main.o
 .debug_macro   0x00000fb1       0x6a ./Src/main.o
 .debug_macro   0x0000101b      0x1df ./Src/main.o
 .debug_macro   0x000011fa       0x61 ./Src/main.o
 .debug_macro   0x0000125b       0x2a ./Src/main.o
 .debug_macro   0x00001285       0x43 ./Src/main.o
 .debug_macro   0x000012c8       0x34 ./Src/main.o
 .debug_macro   0x000012fc      0x189 ./Src/main.o
 .debug_macro   0x00001485       0x16 ./Src/main.o
 .debug_macro   0x0000149b       0x43 ./Src/main.o
 .debug_macro   0x000014de       0x34 ./Src/main.o
 .debug_macro   0x00001512       0x10 ./Src/main.o
 .debug_macro   0x00001522       0x58 ./Src/main.o
 .debug_macro   0x0000157a       0x8e ./Src/main.o
 .debug_macro   0x00001608       0x1c ./Src/main.o
 .debug_macro   0x00001624      0x177 ./Src/main.o
 .debug_macro   0x0000179b      0x369 ./Src/main.o
 .debug_macro   0x00001b04      0x19b ./Src/main.o
 .debug_macro   0x00001c9f      0x137 ./Src/system_stm32l4xx.o

.debug_line     0x00000000      0xb6f
 .debug_line    0x00000000      0x6a8 ./Src/main.o
 .debug_line    0x000006a8      0x44c ./Src/system_stm32l4xx.o
 .debug_line    0x00000af4       0x7b ./Startup/startup_stm32l496zgtx.o

.debug_str      0x00000000     0x87d4
 .debug_str     0x00000000     0x8198 ./Src/main.o
                               0x83ac (size before relaxing)
 .debug_str     0x00008198      0x5fd ./Src/system_stm32l4xx.o
                               0x435d (size before relaxing)
 .debug_str     0x00008795       0x3f ./Startup/startup_stm32l496zgtx.o
                                 0xb2 (size before relaxing)

.comment        0x00000000       0x43
 .comment       0x00000000       0x43 ./Src/main.o
                                 0x44 (size before relaxing)
 .comment       0x00000043       0x44 ./Src/system_stm32l4xx.o

.debug_frame    0x00000000      0x240
 .debug_frame   0x00000000      0x1b8 ./Src/main.o
 .debug_frame   0x000001b8       0x5c ./Src/system_stm32l4xx.o
 .debug_frame   0x00000214       0x2c /opt/st/stm32cubeide_1.16.1/plugins/com.st.stm32cube.ide.mcu.externaltools.gnu-tools-for-stm32.12.3.rel1.linux64_1.0.200.202406132123/tools/bin/../lib/gcc/arm-none-eabi/12.3.1/../../../../arm-none-eabi/lib/thumb/v7e-m+fp/hard/libc_nano.a(libc_a-init.o)

.debug_line_str
                0x00000000       0x96
 .debug_line_str
                0x00000000       0x96 ./Startup/startup_stm32l496zgtx.o
