../Src/main.c:153:5:main	16	static
../Src/main.c:183:6:initializePinToOutput	16	static
../Src/main.c:189:6:initializePinToInput	16	static
../Src/main.c:194:6:enableClockGPIOB	4	static
../Src/main.c:198:6:enableClockGPIOE	4	static
../Src/main.c:202:6:enableClockGPIOG	4	static
../Src/main.c:207:6:enableVDDIO2	4	static
../Src/main.c:212:5:readValueGpio	16	static
../Src/main.c:217:6:setValueGpio	32	static
../Src/main.c:230:6:initializeGPIO	8	static
../Src/main.c:254:6:delay	16	static
../Src/main.c:258:6:updateDisplay	32	static
