../Core/Src/main.c:116:5:main	24	static
../Core/Src/main.c:178:6:SystemClock_Config	96	static
../Core/Src/main.c:220:6:controlJoystick	8	static
../Core/Src/main.c:250:6:initializeClocks	24	static
../Core/Src/main.c:256:6:initializationOfDiodes	16	static
../Core/Src/main.c:263:6:initializationOfJoystick	16	static
../Core/Src/main.c:270:6:initializationOfLEDS	16	static
../Core/Src/main.c:279:6:initliazePinToOutput	40	static
../Core/Src/main.c:290:6:initliazePinToInput	40	static
../Core/Src/main.c:308:6:Error_Handler	4	static
