../Core/Src/main.c:116:5:main	24	static
../Core/Src/main.c:177:6:SystemClock_Config	96	static
../Core/Src/main.c:219:6:controlJoystick	8	static
../Core/Src/main.c:231:6:initializeClocks	24	static
../Core/Src/main.c:237:6:initializationOfDiodes	16	static
../Core/Src/main.c:244:6:initializationOfJoystick	16	static
../Core/Src/main.c:251:6:initializationOfJoystickOfLEDS	16	static
../Core/Src/main.c:260:6:initliazePinToOutput	40	static
../Core/Src/main.c:271:6:initliazePinToInput	40	static
../Core/Src/main.c:289:6:Error_Handler	4	static
