2025-04-13 12:20:34,209 [INFO] Activator:176 - 


2025-04-13 12:20:34,216 [INFO] Activator:177 - !SESSION log4j initialized
2025-04-13 12:20:40,753 [INFO] LogOutputStream:77 - [STDOUT_REDIRECT] 
2025-04-13 12:20:42,174 [INFO] ApplicationProperties:184 - Using Application install path: C:\ST\STM32CubeIDE_1.18.0\STM32CubeIDE\plugins\com.st.stm32cube.common.mx_6.14.0.202502271554
2025-04-13 12:20:42,194 [INFO] DbMcusXml:78 - Set database path to: C:\ST\STM32CubeIDE_1.18.0\STM32CubeIDE\plugins\com.st.stm32cube.common.mx_6.14.0.202502271554\\db\/mcu/
2025-04-13 12:20:42,195 [INFO] ApiDb:274 - Set plugin database path to: C:\ST\STM32CubeIDE_1.18.0\STM32CubeIDE\plugins\com.st.stm32cube.common.mx_6.14.0.202502271554\\db\/plugins/boardmanager/
2025-04-13 12:20:42,195 [WARN] ApiDb:259 - Overriding images path with different value:  => C:\ST\STM32CubeIDE_1.18.0\STM32CubeIDE\plugins\com.st.stm32cube.common.mx_6.14.0.202502271554\\db\/plugins/mcufinder/images/
2025-04-13 12:20:42,214 [INFO] ApiDb:250 - Set database path to: C:\Users\Damian\.stmcufinder\plugins\mcufinder//mcu/
2025-04-13 12:20:42,215 [INFO] DbMcusAds:125 - Set database path to: C:\Users\Damian\.stmcufinder\plugins\mcufinder//mcu/
2025-04-13 12:20:42,219 [INFO] CrossReferenceDbSqlite:203 - Set database path to: C:\Users\Damian\.stmcufinder\plugins\mcufinder//mcu/cs/
2025-04-13 12:20:42,363 [INFO] RulesReader:64 - Compatibility file has been processed (301 Rules)
2025-04-13 12:20:42,528 [INFO] DbMcusXml:78 - Set database path to: C:\ST\STM32CubeIDE_1.18.0\STM32CubeIDE\plugins\com.st.stm32cube.common.mx_6.14.0.202502271554\\db\/mcu/
2025-04-13 12:20:42,528 [INFO] ApiDb:274 - Set plugin database path to: C:\ST\STM32CubeIDE_1.18.0\STM32CubeIDE\plugins\com.st.stm32cube.common.mx_6.14.0.202502271554\\db\/plugins/boardmanager/
2025-04-13 12:20:42,528 [INFO] ApiDb:261 - Set plugin images path to: C:\ST\STM32CubeIDE_1.18.0\STM32CubeIDE\plugins\com.st.stm32cube.common.mx_6.14.0.202502271554\\db\/plugins/mcufinder/images/
2025-04-13 12:20:42,528 [WARN] DbFile:41 - Overriding database path with different value: C:\Users\Damian\.stmcufinder\plugins\mcufinder/ => C:\Users\Damian\.stmcufinder\plugins\mcufinder
2025-04-13 12:20:42,529 [INFO] ApiDb:250 - Set database path to: C:\Users\Damian\.stmcufinder\plugins\mcufinder//mcu/
2025-04-13 12:20:42,529 [WARN] DbFile:41 - Overriding database path with different value: C:\Users\Damian\.stmcufinder\plugins\mcufinder/ => C:\Users\Damian\.stmcufinder\plugins\mcufinder
2025-04-13 12:20:42,529 [INFO] DbMcusAds:125 - Set database path to: C:\Users\Damian\.stmcufinder\plugins\mcufinder//mcu/
2025-04-13 12:20:42,529 [WARN] DbFile:41 - Overriding database path with different value: C:\Users\Damian\.stmcufinder\plugins\mcufinder/ => C:\Users\Damian\.stmcufinder\plugins\mcufinder
2025-04-13 12:20:42,529 [WARN] DbFile:41 - Overriding database path with different value: C:\Users\Damian\.stmcufinder\plugins\mcufinder/ => C:\Users\Damian\.stmcufinder\plugins\mcufinder
2025-04-13 12:20:42,529 [INFO] CrossReferenceDbSqlite:203 - Set database path to: C:\Users\Damian\.stmcufinder\plugins\mcufinder//mcu/cs/
2025-04-13 12:20:42,649 [INFO] MainPanel:272 - HeapMemory: 268435456
2025-04-13 12:20:42,781 [INFO] DbMcusXml:78 - Set database path to: C:\ST\STM32CubeIDE_1.18.0\STM32CubeIDE\plugins\com.st.stm32cube.common.mx_6.14.0.202502271554\\db\/mcu/
2025-04-13 12:20:42,782 [INFO] ApiDb:274 - Set plugin database path to: C:\ST\STM32CubeIDE_1.18.0\STM32CubeIDE\plugins\com.st.stm32cube.common.mx_6.14.0.202502271554\\db\/plugins/boardmanager/
2025-04-13 12:20:42,782 [INFO] ApiDb:261 - Set plugin images path to: C:\ST\STM32CubeIDE_1.18.0\STM32CubeIDE\plugins\com.st.stm32cube.common.mx_6.14.0.202502271554\\db\/plugins/mcufinder/images/
2025-04-13 12:20:42,783 [WARN] DbFile:41 - Overriding database path with different value: C:\Users\Damian\.stmcufinder\plugins\mcufinder/ => C:\Users\Damian\.stmcufinder\plugins\mcufinder
2025-04-13 12:20:42,783 [INFO] ApiDb:250 - Set database path to: C:\Users\Damian\.stmcufinder\plugins\mcufinder//mcu/
2025-04-13 12:20:42,783 [WARN] DbFile:41 - Overriding database path with different value: C:\Users\Damian\.stmcufinder\plugins\mcufinder/ => C:\Users\Damian\.stmcufinder\plugins\mcufinder
2025-04-13 12:20:42,783 [INFO] DbMcusAds:125 - Set database path to: C:\Users\Damian\.stmcufinder\plugins\mcufinder//mcu/
2025-04-13 12:20:42,783 [WARN] DbFile:41 - Overriding database path with different value: C:\Users\Damian\.stmcufinder\plugins\mcufinder/ => C:\Users\Damian\.stmcufinder\plugins\mcufinder
2025-04-13 12:20:42,783 [WARN] DbFile:41 - Overriding database path with different value: C:\Users\Damian\.stmcufinder\plugins\mcufinder/ => C:\Users\Damian\.stmcufinder\plugins\mcufinder
2025-04-13 12:20:42,783 [INFO] CrossReferenceDbSqlite:203 - Set database path to: C:\Users\Damian\.stmcufinder\plugins\mcufinder//mcu/cs/
2025-04-13 12:20:42,803 [INFO] ApplicationProperties:184 - Using Application install path: C:\ST\STM32CubeIDE_1.18.0\STM32CubeIDE\plugins\com.st.stm32cube.common.mx_6.14.0.202502271554
2025-04-13 12:20:42,804 [INFO] PluginManage:196 - Search for loadable plugins [exclusion list=, ]
2025-04-13 12:20:42,805 [INFO] PluginManage:310 - Check plugin analytics
2025-04-13 12:20:43,069 [INFO] AnalyticsPlugin:253 - Accepted Software Licenses: 
2025-04-13 12:20:43,069 [INFO] AnalyticsPlugin:255 - Accepted CMSIS Pack Licenses: 
2025-04-13 12:20:43,069 [INFO] AnalyticsPlugin:257 - Accepted Firmware Licenses: FW.L4.1.18.0
2025-04-13 12:20:43,072 [INFO] PluginManage:359 - Loaded plugin analytics (category:tool,tabindex:-1)
2025-04-13 12:20:43,072 [INFO] PluginManage:310 - Check plugin cadmodel
2025-04-13 12:20:43,080 [INFO] CADModel:105 - Init CAD model plugin
2025-04-13 12:20:43,080 [INFO] PluginManage:359 - Loaded plugin cadmodel (category:power,tabindex:5)
2025-04-13 12:20:43,080 [INFO] PluginManage:310 - Check plugin clock
2025-04-13 12:20:43,091 [INFO] PluginManage:359 - Loaded plugin clock (category:base,tabindex:2)
2025-04-13 12:20:43,092 [INFO] PluginManage:310 - Check plugin ddr
2025-04-13 12:20:43,095 [INFO] PluginManage:359 - Loaded plugin ddr (category:tool,tabindex:6)
2025-04-13 12:20:43,095 [INFO] PluginManage:310 - Check plugin filemanager
2025-04-13 12:20:43,278 [INFO] PluginManage:359 - Loaded plugin filemanager (category:base,tabindex:10)
2025-04-13 12:20:43,278 [INFO] PluginManage:310 - Check plugin ipmanager
2025-04-13 12:20:43,287 [INFO] PluginManage:359 - Loaded plugin ipmanager (category:base,tabindex:5)
2025-04-13 12:20:43,287 [INFO] PluginManage:310 - Check plugin lpbam
2025-04-13 12:20:43,305 [INFO] PluginManage:359 - Loaded plugin lpbam (category:base,tabindex:0)
2025-04-13 12:20:43,305 [INFO] PluginManage:310 - Check plugin memorymap
2025-04-13 12:20:43,327 [INFO] PluginManage:359 - Loaded plugin memorymap (category:base,tabindex:4)
2025-04-13 12:20:43,328 [INFO] PluginManage:310 - Check plugin pinoutandconfiguration
2025-04-13 12:20:43,342 [INFO] PluginManage:359 - Loaded plugin pinoutandconfiguration (category:base,tabindex:1)
2025-04-13 12:20:43,342 [INFO] PluginManage:310 - Check plugin pinoutconfig
2025-04-13 12:20:43,508 [WARN] SupportedApi:132 - Cannot load RTOS API schema: s4s-elt-must-match.1: The content of 'definitions' must match (annotation?, (simpleType | complexType)?, (unique | key | keyref)*)). A problem was found starting at: attribute.
2025-04-13 12:20:43,739 [INFO] PluginManage:359 - Loaded plugin pinoutconfig (category:base,tabindex:0)
2025-04-13 12:20:43,739 [INFO] PluginManage:310 - Check plugin power
2025-04-13 12:20:43,754 [INFO] PluginManage:359 - Loaded plugin power (category:power,tabindex:4)
2025-04-13 12:20:43,755 [INFO] PluginManage:310 - Check plugin projectmanager
2025-04-13 12:20:43,776 [INFO] PluginManage:359 - Loaded plugin projectmanager (category:projectmanager,tabindex:4)
2025-04-13 12:20:43,776 [INFO] PluginManage:310 - Check plugin rif
2025-04-13 12:20:43,799 [INFO] PluginManage:359 - Loaded plugin rif (category:base,tabindex:3)
2025-04-13 12:20:43,799 [INFO] PluginManage:310 - Check plugin thirdparty
2025-04-13 12:20:43,999 [WARN] IntegrityCheckThread:84 - waiting for thirdparty lock release [integrity check]
2025-04-13 12:20:44,000 [INFO] IntegrityCheckThread:86 - entering critical section [integrity check]
2025-04-13 12:20:44,000 [INFO] ThirdPartyUpdaterWithRetryManager:70 - Updater plugin not ready yet. [1/15]
2025-04-13 12:20:44,000 [INFO] PluginManage:359 - Loaded plugin thirdparty (category:base,tabindex:-1)
2025-04-13 12:20:44,000 [INFO] PluginManage:310 - Check plugin tools
2025-04-13 12:20:44,006 [INFO] PluginManage:359 - Loaded plugin tools (category:base,tabindex:7)
2025-04-13 12:20:44,007 [INFO] PluginManage:310 - Check plugin tutovideos
2025-04-13 12:20:44,222 [INFO] PluginManage:359 - Loaded plugin tutovideos (category:base,tabindex:-1)
2025-04-13 12:20:44,223 [INFO] PluginManage:310 - Check plugin updater
2025-04-13 12:20:44,249 [INFO] PluginManage:359 - Loaded plugin updater (category:base,tabindex:12)
2025-04-13 12:20:44,250 [INFO] PluginManage:310 - Check plugin userauth
2025-04-13 12:20:44,258 [INFO] UserAuth:118 - Init User Auth plugin
2025-04-13 12:20:44,259 [INFO] PluginManage:359 - Loaded plugin userauth (category:base,tabindex:14)
2025-04-13 12:20:44,259 [INFO] PluginManage:283 - PluginManage : Loaded plugins [18]
2025-04-13 12:20:44,530 [INFO] PinOutPanel:1589 - setPackage(No Configuration,No Configuration)
2025-04-13 12:20:44,643 [INFO] CADModel:165 - CPN selected for project level
2025-04-13 12:20:44,643 [INFO] CADModel:114 - Register for checkConnection events
2025-04-13 12:20:44,670 [INFO] IPUIPlugin:80 - create IPUIPlugin
2025-04-13 12:20:44,670 [INFO] PluginManager:220 - loadIPPluginJar : add adc
2025-04-13 12:20:44,674 [INFO] IPUIPlugin:80 - create IPUIPlugin
2025-04-13 12:20:44,674 [INFO] PluginManager:220 - loadIPPluginJar : add aes
2025-04-13 12:20:44,677 [INFO] IPUIPlugin:80 - create IPUIPlugin
2025-04-13 12:20:44,678 [INFO] PluginManager:220 - loadIPPluginJar : add can
2025-04-13 12:20:44,680 [INFO] IPUIPlugin:80 - create IPUIPlugin
2025-04-13 12:20:44,680 [INFO] PluginManager:220 - loadIPPluginJar : add comp
2025-04-13 12:20:44,684 [INFO] IPUIPlugin:80 - create IPUIPlugin
2025-04-13 12:20:44,684 [INFO] PluginManager:220 - loadIPPluginJar : add cryp
2025-04-13 12:20:44,690 [INFO] IPUIPlugin:80 - create IPUIPlugin
2025-04-13 12:20:44,690 [INFO] PluginManager:220 - loadIPPluginJar : add ddr_ctrl_phy
2025-04-13 12:20:44,694 [INFO] IPUIPlugin:80 - create IPUIPlugin
2025-04-13 12:20:44,694 [INFO] PluginManager:220 - loadIPPluginJar : add dfsdm
2025-04-13 12:20:44,700 [INFO] IPUIPlugin:80 - create IPUIPlugin
2025-04-13 12:20:44,701 [INFO] PluginManager:220 - loadIPPluginJar : add dma
2025-04-13 12:20:44,705 [INFO] IPUIPlugin:80 - create IPUIPlugin
2025-04-13 12:20:44,705 [INFO] PluginManager:220 - loadIPPluginJar : add dma3
2025-04-13 12:20:44,709 [INFO] IPUIPlugin:80 - create IPUIPlugin
2025-04-13 12:20:44,709 [INFO] PluginManager:220 - loadIPPluginJar : add extmemmanager
2025-04-13 12:20:44,712 [INFO] IPUIPlugin:80 - create IPUIPlugin
2025-04-13 12:20:44,712 [INFO] PluginManager:220 - loadIPPluginJar : add fatfs
2025-04-13 12:20:44,717 [INFO] IPUIPlugin:80 - create IPUIPlugin
2025-04-13 12:20:44,718 [INFO] PluginManager:220 - loadIPPluginJar : add fmc
2025-04-13 12:20:44,726 [INFO] IPUIPlugin:80 - create IPUIPlugin
2025-04-13 12:20:44,726 [INFO] PluginManager:220 - loadIPPluginJar : add freertos
2025-04-13 12:20:44,729 [INFO] IPUIPlugin:80 - create IPUIPlugin
2025-04-13 12:20:44,729 [INFO] PluginManager:220 - loadIPPluginJar : add genericplugin
2025-04-13 12:20:44,732 [INFO] IPUIPlugin:80 - create IPUIPlugin
2025-04-13 12:20:44,732 [INFO] PluginManager:220 - loadIPPluginJar : add gfxmmu
2025-04-13 12:20:44,738 [INFO] IPUIPlugin:80 - create IPUIPlugin
2025-04-13 12:20:44,738 [INFO] PluginManager:220 - loadIPPluginJar : add gic
2025-04-13 12:20:44,743 [INFO] IPUIPlugin:80 - create IPUIPlugin
2025-04-13 12:20:44,744 [INFO] PluginManager:220 - loadIPPluginJar : add gpio
2025-04-13 12:20:44,747 [INFO] IPUIPlugin:80 - create IPUIPlugin
2025-04-13 12:20:44,748 [INFO] PluginManager:220 - loadIPPluginJar : add gtzc
2025-04-13 12:20:44,751 [INFO] IPUIPlugin:80 - create IPUIPlugin
2025-04-13 12:20:44,751 [INFO] PluginManager:220 - loadIPPluginJar : add hash
2025-04-13 12:20:44,755 [INFO] IPUIPlugin:80 - create IPUIPlugin
2025-04-13 12:20:44,755 [INFO] PluginManager:220 - loadIPPluginJar : add i2c
2025-04-13 12:20:44,758 [INFO] IPUIPlugin:80 - create IPUIPlugin
2025-04-13 12:20:44,758 [INFO] PluginManager:220 - loadIPPluginJar : add i2s
2025-04-13 12:20:44,762 [INFO] IPUIPlugin:80 - create IPUIPlugin
2025-04-13 12:20:44,762 [INFO] PluginManager:220 - loadIPPluginJar : add i3c
2025-04-13 12:20:44,766 [INFO] IPUIPlugin:80 - create IPUIPlugin
2025-04-13 12:20:44,766 [INFO] PluginManager:220 - loadIPPluginJar : add ipddr
2025-04-13 12:20:44,777 [INFO] IPUIPlugin:80 - create IPUIPlugin
2025-04-13 12:20:44,777 [INFO] PluginManager:220 - loadIPPluginJar : add linkedlist
2025-04-13 12:20:44,781 [INFO] IPUIPlugin:80 - create IPUIPlugin
2025-04-13 12:20:44,781 [INFO] PluginManager:220 - loadIPPluginJar : add lorawan
2025-04-13 12:20:44,784 [INFO] IPUIPlugin:80 - create IPUIPlugin
2025-04-13 12:20:44,784 [INFO] PluginManager:220 - loadIPPluginJar : add ltdc
2025-04-13 12:20:44,792 [INFO] IPUIPlugin:80 - create IPUIPlugin
2025-04-13 12:20:44,792 [INFO] PluginManager:220 - loadIPPluginJar : add mdma
2025-04-13 12:20:44,798 [INFO] IPUIPlugin:80 - create IPUIPlugin
2025-04-13 12:20:44,799 [INFO] PluginManager:220 - loadIPPluginJar : add nvic
2025-04-13 12:20:44,805 [INFO] IPUIPlugin:80 - create IPUIPlugin
2025-04-13 12:20:44,805 [INFO] PluginManager:220 - loadIPPluginJar : add opamp
2025-04-13 12:20:44,810 [INFO] IPUIPlugin:80 - create IPUIPlugin
2025-04-13 12:20:44,810 [INFO] PluginManager:220 - loadIPPluginJar : add openamp
2025-04-13 12:20:44,816 [INFO] IPUIPlugin:80 - create IPUIPlugin
2025-04-13 12:20:44,816 [INFO] PluginManager:220 - loadIPPluginJar : add pdm2pcm
2025-04-13 12:20:44,826 [INFO] IPUIPlugin:80 - create IPUIPlugin
2025-04-13 12:20:44,828 [INFO] PluginManager:220 - loadIPPluginJar : add plateformsettings
2025-04-13 12:20:44,830 [INFO] IPUIPlugin:80 - create IPUIPlugin
2025-04-13 12:20:44,830 [INFO] PluginManager:220 - loadIPPluginJar : add quadspi
2025-04-13 12:20:44,833 [INFO] IPUIPlugin:80 - create IPUIPlugin
2025-04-13 12:20:44,833 [INFO] PluginManager:220 - loadIPPluginJar : add radio
2025-04-13 12:20:44,840 [INFO] IPUIPlugin:80 - create IPUIPlugin
2025-04-13 12:20:44,840 [INFO] PluginManager:220 - loadIPPluginJar : add resmgrutility
2025-04-13 12:20:44,845 [INFO] IPUIPlugin:80 - create IPUIPlugin
2025-04-13 12:20:44,845 [INFO] PluginManager:220 - loadIPPluginJar : add sai
2025-04-13 12:20:44,848 [INFO] IPUIPlugin:80 - create IPUIPlugin
2025-04-13 12:20:44,849 [INFO] PluginManager:220 - loadIPPluginJar : add spi
2025-04-13 12:20:44,857 [INFO] IPUIPlugin:80 - create IPUIPlugin
2025-04-13 12:20:44,857 [INFO] PluginManager:220 - loadIPPluginJar : add stm32_wpan
2025-04-13 12:20:44,860 [INFO] IPUIPlugin:80 - create IPUIPlugin
2025-04-13 12:20:44,860 [INFO] PluginManager:220 - loadIPPluginJar : add tim
2025-04-13 12:20:44,865 [INFO] IPUIPlugin:80 - create IPUIPlugin
2025-04-13 12:20:44,866 [INFO] PluginManager:220 - loadIPPluginJar : add touchsensing
2025-04-13 12:20:44,870 [INFO] IPUIPlugin:80 - create IPUIPlugin
2025-04-13 12:20:44,870 [INFO] PluginManager:220 - loadIPPluginJar : add tracer_emb
2025-04-13 12:20:44,874 [INFO] IPUIPlugin:80 - create IPUIPlugin
2025-04-13 12:20:44,875 [INFO] PluginManager:220 - loadIPPluginJar : add ts
2025-04-13 12:20:44,878 [INFO] IPUIPlugin:80 - create IPUIPlugin
2025-04-13 12:20:44,878 [INFO] PluginManager:220 - loadIPPluginJar : add tsc
2025-04-13 12:20:44,881 [INFO] IPUIPlugin:80 - create IPUIPlugin
2025-04-13 12:20:44,881 [INFO] PluginManager:220 - loadIPPluginJar : add ucpd
2025-04-13 12:20:44,888 [INFO] IPUIPlugin:80 - create IPUIPlugin
2025-04-13 12:20:44,888 [INFO] PluginManager:220 - loadIPPluginJar : add usart
2025-04-13 12:20:44,894 [INFO] IPUIPlugin:80 - create IPUIPlugin
2025-04-13 12:20:44,894 [INFO] PluginManager:220 - loadIPPluginJar : add usbx
2025-04-13 12:20:45,037 [FATAL] Updater:351 - Updater called before beeing initialized
2025-04-13 12:20:45,063 [INFO] RulesReader:64 - Compatibility file has been processed (301 Rules)
2025-04-13 12:20:45,074 [INFO] RulesReader:64 - Compatibility file has been processed (301 Rules)
2025-04-13 12:20:45,082 [INFO] CADModel:165 - CPN selected for project level
2025-04-13 12:20:45,082 [INFO] CADModel:114 - Register for checkConnection events
2025-04-13 12:20:45,082 [FATAL] Updater:351 - Updater called before beeing initialized
2025-04-13 12:20:45,082 [ERROR] CADModel:125 - Updater not yet initialized, retry later 
2025-04-13 12:20:45,283 [FATAL] Updater:351 - Updater called before beeing initialized
2025-04-13 12:20:45,286 [INFO] CADModel:165 - CPN selected for project level
2025-04-13 12:20:45,286 [INFO] CADModel:114 - Register for checkConnection events
2025-04-13 12:20:45,287 [FATAL] Updater:351 - Updater called before beeing initialized
2025-04-13 12:20:45,287 [ERROR] CADModel:125 - Updater not yet initialized, retry later 
2025-04-13 12:20:45,290 [FATAL] Updater:351 - Updater called before beeing initialized
2025-04-13 12:20:45,439 [FATAL] Updater:351 - Updater called before beeing initialized
2025-04-13 12:20:45,445 [INFO] DbMcusAds:53 - JSON generation date=Thu Mar 06 15:54:22 CET 2025 (1741272862204)
2025-04-13 12:20:45,445 [FATAL] Updater:351 - Updater called before beeing initialized
2025-04-13 12:20:45,503 [WARN] DetailPanel:346 - Failed to get advertising image, set to default
2025-04-13 12:20:45,761 [FATAL] Updater:351 - Updater called before beeing initialized
2025-04-13 12:20:45,764 [FATAL] Updater:351 - Updater called before beeing initialized
2025-04-13 12:20:45,764 [FATAL] Updater:351 - Updater called before beeing initialized
2025-04-13 12:20:45,765 [WARN] DetailPanel:346 - Failed to get advertising image, set to default
2025-04-13 12:20:45,765 [FATAL] Updater:351 - Updater called before beeing initialized
2025-04-13 12:20:45,814 [ERROR] Updater:1198 - MainUpdater not yet initialized. External WinMGr cannot be set.
2025-04-13 12:20:45,816 [INFO] Updater:1134 - Updater Version found : 6.14.0
2025-04-13 12:20:45,839 [INFO] ApplicationProperties:184 - Using Application install path: C:\ST\STM32CubeIDE_1.18.0\STM32CubeIDE\plugins\com.st.stm32cube.common.mx_6.14.0.202502271554
2025-04-13 12:20:47,001 [INFO] ThirdPartyUpdaterWithRetryManager:70 - Updater plugin not ready yet. [2/15]
2025-04-13 12:20:47,410 [ERROR] LogOutputStream:75 - [STDERR_REDIRECT] Apr 13, 2025 12:20:47 PM java.util.prefs.WindowsPreferences <init>
2025-04-13 12:20:47,412 [ERROR] LogOutputStream:75 - [STDERR_REDIRECT] WARNING: Could not open/create prefs root node Software\JavaSoft\Prefs at root 0xffffffff80000002. Windows RegCreateKeyEx(...) returned error code 5.
2025-04-13 12:20:47,412 [ERROR] LogOutputStream:75 - [STDERR_REDIRECT] 
2025-04-13 12:20:47,860 [INFO] MainUpdater:2872 - connection check result : 10
2025-04-13 12:20:47,861 [INFO] MainUpdater:289 - Updater Check For Update Now.
2025-04-13 12:20:47,861 [INFO] MicroXplorer:498 - Change Database Version : DB.6.0.140
2025-04-13 12:20:47,869 [INFO] McuFinderGlobals:63 - Set McuFinder mode to 2 (CubeIDE integrated)
2025-04-13 12:20:47,874 [INFO] UserAuth:486 - Internet connection configuration mode: 1
2025-04-13 12:20:47,919 [INFO] JxBrowserEngine:152 - Initiate JxBrowser Engine with user profile folder
2025-04-13 12:20:48,058 [INFO] CheckServerUpdateThread:120 - End of CheckServer Thread
2025-04-13 12:20:50,469 [WARN] PackLoader:240 - Cannot read IP mode file for STMicroelectronics.FP-SNS-MOTENVWB1.1.4.0
2025-04-13 12:20:50,488 [WARN] PackLoader:240 - Cannot read IP mode file for STMicroelectronics.FP-ATR-ASTRA1.2.0.2
2025-04-13 12:20:50,504 [WARN] PackLoader:240 - Cannot read IP mode file for STMicroelectronics.X-CUBE-SMBUS.2.1.0
2025-04-13 12:20:50,518 [WARN] PackLoader:240 - Cannot read IP mode file for STMicroelectronics.X-CUBE-WB05N.1.1.0
2025-04-13 12:20:50,561 [WARN] PackLoader:240 - Cannot read IP mode file for STMicroelectronics.X-CUBE-AZRTOS-F7.1.1.0
2025-04-13 12:20:50,599 [WARN] PackLoader:240 - Cannot read IP mode file for Infineon.AIROC-Wi-Fi-Bluetooth-STM32.1.7.0
2025-04-13 12:20:50,618 [WARN] PackLoader:240 - Cannot read IP mode file for STMicroelectronics.X-CUBE-DISPLAY.3.0.0
2025-04-13 12:20:50,630 [WARN] PackLoader:240 - Cannot read IP mode file for STMicroelectronics.X-CUBE-NFC10.1.0.0
2025-04-13 12:20:50,643 [WARN] PackLoader:240 - Cannot read IP mode file for STMicroelectronics.X-CUBE-BLEMGR.4.0.0
2025-04-13 12:20:50,658 [WARN] PackLoader:240 - Cannot read IP mode file for emotas.I-CUBE-CANOPEN.1.3.0
2025-04-13 12:20:50,663 [WARN] ConditionMgr:438 - getConditionDescription Invalid condition id : Cortex-A Device cause : null
2025-04-13 12:20:50,682 [WARN] ConditionMgr:1044 - genDependencies : Invalid condition id : Cortex-A Device cause : null
2025-04-13 12:20:50,682 [WARN] ConditionMgr:1044 - genDependencies : Invalid condition id : Cortex-A Device cause : null
2025-04-13 12:20:50,682 [WARN] ConditionMgr:1044 - genDependencies : Invalid condition id : Cortex-A Device cause : null
2025-04-13 12:20:50,688 [WARN] PackLoader:240 - Cannot read IP mode file for STMicroelectronics.X-CUBE-AI.10.0.0
2025-04-13 12:20:50,695 [WARN] PackLoader:240 - Cannot read IP mode file for STMicroelectronics.FP-SNS-SMARTAG2.1.2.0
2025-04-13 12:20:50,700 [WARN] PackLoader:240 - Cannot read IP mode file for STMicroelectronics.FP-SNS-FLIGHT1.5.1.0
2025-04-13 12:20:50,762 [WARN] PackLoader:240 - Cannot read IP mode file for STMicroelectronics.X-CUBE-MEMS1.11.1.0
2025-04-13 12:20:50,799 [INFO] WebApp:169 - Instantiating new browser for Auth
2025-04-13 12:20:51,033 [INFO] LogOutputStream:77 - [STDOUT_REDIRECT] 1 : Invalid condition id : UX_CORESTACK_Condition cause : null
2025-04-13 12:20:51,034 [INFO] LogOutputStream:77 - [STDOUT_REDIRECT] 1 : Invalid condition id : UX_CORESTACK_Condition cause : null
2025-04-13 12:20:51,035 [INFO] LogOutputStream:77 - [STDOUT_REDIRECT] 1 : Invalid condition id : UX_CORESTACK_Condition cause : null
2025-04-13 12:20:51,037 [INFO] LogOutputStream:77 - [STDOUT_REDIRECT] 1 : Invalid condition id : UX_CORESTACK_Condition cause : null
2025-04-13 12:20:51,039 [INFO] LogOutputStream:77 - [STDOUT_REDIRECT] 1 : Invalid condition id : UX_CORESTACK_Condition cause : null
2025-04-13 12:20:51,043 [WARN] PackLoader:240 - Cannot read IP mode file for STMicroelectronics.X-CUBE-AZRTOS-WL.2.0.0
2025-04-13 12:20:51,051 [WARN] PackLoader:240 - Cannot read IP mode file for STMicroelectronics.FP-SNS-MOTENV1.5.0.0
2025-04-13 12:20:51,065 [WARN] PackLoader:240 - Cannot read IP mode file for WES.I-CUBE-Cesium.1.3.0
2025-04-13 12:20:51,072 [WARN] PackLoader:240 - Cannot read IP mode file for STMicroelectronics.X-CUBE-BLE2.3.3.0
2025-04-13 12:20:51,081 [WARN] PackLoader:240 - Cannot read IP mode file for STMicroelectronics.X-CUBE-NFC9.1.0.0
2025-04-13 12:20:51,090 [WARN] PackLoader:240 - Cannot read IP mode file for STMicroelectronics.X-CUBE-BLE1.7.1.0
2025-04-13 12:20:51,096 [WARN] PackLoader:240 - Cannot read IP mode file for wolfSSL.I-CUBE-wolfMQTT.1.19.2
2025-04-13 12:20:51,115 [WARN] PackLoader:240 - Cannot read IP mode file for STMicroelectronics.X-CUBE-AZRTOS-G0.1.1.0
2025-04-13 12:20:51,124 [WARN] PackLoader:240 - Cannot read IP mode file for STMicroelectronics.X-CUBE-SAFEA1.1.2.2
2025-04-13 12:20:51,132 [WARN] PackLoader:240 - Cannot read IP mode file for STMicroelectronics.X-CUBE-NFC4.3.0.0
2025-04-13 12:20:51,144 [WARN] PackLoader:240 - Cannot read IP mode file for EmbeddedOffice.I-CUBE-FS-RTOS.1.0.1
2025-04-13 12:20:51,150 [WARN] PackLoader:240 - Cannot read IP mode file for wolfSSL.I-CUBE-wolfTPM.3.8.0
2025-04-13 12:20:51,157 [WARN] PackLoader:240 - Cannot read IP mode file for STMicroelectronics.X-CUBE-TCPP.4.2.0
2025-04-13 12:20:51,164 [WARN] PackLoader:240 - Cannot read IP mode file for RealThread.X-CUBE-RT-Thread_Nano.4.1.1
2025-04-13 12:20:51,169 [WARN] PackLoader:240 - Cannot read IP mode file for STMicroelectronics.FP-ATR-SIGFOX1.3.2.0
2025-04-13 12:20:51,176 [WARN] PackLoader:240 - Cannot read IP mode file for STMicroelectronics.X-CUBE-EEPRMA1.5.1.0
2025-04-13 12:20:51,183 [WARN] PackLoader:240 - Cannot read IP mode file for wolfSSL.I-CUBE-wolfSSL.5.7.6
2025-04-13 12:20:51,190 [WARN] PackLoader:240 - Cannot read IP mode file for ITTIA_DB.I-CUBE-ITTIADB.8.9.0
2025-04-13 12:20:51,221 [WARN] PackLoader:240 - Cannot read IP mode file for SEGGER.I-CUBE-embOS.1.3.1
2025-04-13 12:20:51,259 [WARN] PackLoader:240 - Cannot read IP mode file for STMicroelectronics.X-CUBE-ALGOBUILD.1.4.0
2025-04-13 12:20:51,281 [WARN] PackLoader:240 - Cannot read IP mode file for STMicroelectronics.X-CUBE-AZRTOS-F4.1.1.0
2025-04-13 12:20:51,290 [WARN] PackLoader:240 - Cannot read IP mode file for Avnet-IotConnect.X-CUBE-IoTC-DA16k-PMOD.1.0.0
2025-04-13 12:20:51,295 [WARN] PackLoader:240 - Cannot read IP mode file for STMicroelectronics.X-CUBE-ISPU.2.1.0
2025-04-13 12:20:51,318 [WARN] PackLoader:240 - Cannot read IP mode file for STMicroelectronics.X-CUBE-AZRTOS-L5.2.0.0
2025-04-13 12:20:51,333 [WARN] PackLoader:240 - Cannot read IP mode file for STMicroelectronics.X-CUBE-NFC6.3.1.0
2025-04-13 12:20:51,343 [WARN] PackLoader:240 - Cannot read IP mode file for STMicroelectronics.X-CUBE-DPower.1.2.0
2025-04-13 12:20:51,351 [WARN] PackLoader:240 - Cannot read IP mode file for STMicroelectronics.X-CUBE-FREERTOS.1.3.0
2025-04-13 12:20:51,359 [WARN] PackLoader:240 - Cannot read IP mode file for STMicroelectronics.X-CUBE-NFC7.1.0.1
2025-04-13 12:20:51,365 [WARN] PackLoader:240 - Cannot read IP mode file for STMicroelectronics.X-CUBE-DPower.1.3.0
2025-04-13 12:20:51,389 [WARN] ConditionMgr:438 - getConditionDescription Invalid condition id : LAN8742 Phy interface Condition cause : null
2025-04-13 12:20:51,390 [WARN] PackLoader:240 - Cannot read IP mode file for STMicroelectronics.X-CUBE-AZRTOS-L4.2.0.0
2025-04-13 12:20:51,391 [WARN] ConditionMgr:1044 - genDependencies : Invalid condition id : LAN8742 Phy interface Condition cause : null
2025-04-13 12:20:51,392 [WARN] ConditionMgr:1044 - genDependencies : Invalid condition id : LAN8742 Phy interface Condition cause : null
2025-04-13 12:20:51,393 [WARN] ConditionMgr:1044 - genDependencies : Invalid condition id : LAN8742 Phy interface Condition cause : null
2025-04-13 12:20:51,401 [WARN] PackLoader:240 - Cannot read IP mode file for STMicroelectronics.X-CUBE-SFXS2LP1.4.0.0
2025-04-13 12:20:51,425 [WARN] PackLoader:240 - Cannot read IP mode file for STMicroelectronics.X-CUBE-AZRTOS-H7.3.3.0
2025-04-13 12:20:51,446 [WARN] ConditionMgr:438 - getConditionDescription Invalid condition id : UX DEVICE CLASS RTOS Condition cause : null
2025-04-13 12:20:51,447 [WARN] ConditionMgr:438 - getConditionDescription Invalid condition id : UX DEVICE CLASS RTOS Condition cause : null
2025-04-13 12:20:51,450 [WARN] PackLoader:240 - Cannot read IP mode file for STMicroelectronics.X-CUBE-AZRTOS-WB.2.0.0
2025-04-13 12:20:51,450 [WARN] ConditionMgr:1044 - genDependencies : Invalid condition id : UX DEVICE CLASS RTOS Condition cause : null
2025-04-13 12:20:51,451 [WARN] ConditionMgr:1044 - genDependencies : Invalid condition id : UX DEVICE CLASS RTOS Condition cause : null
2025-04-13 12:20:51,451 [WARN] ConditionMgr:1044 - genDependencies : Invalid condition id : UX DEVICE CLASS RTOS Condition cause : null
2025-04-13 12:20:51,452 [WARN] ConditionMgr:1044 - genDependencies : Invalid condition id : UX DEVICE CLASS RTOS Condition cause : null
2025-04-13 12:20:51,452 [WARN] ConditionMgr:1044 - genDependencies : Invalid condition id : UX DEVICE CLASS RTOS Condition cause : null
2025-04-13 12:20:51,461 [WARN] PackLoader:240 - Cannot read IP mode file for STMicroelectronics.X-CUBE-GNSS1.7.0.1
2025-04-13 12:20:51,468 [WARN] PackLoader:240 - Cannot read IP mode file for STMicroelectronics.X-CUBE-TOUCHGFX.4.25.0
2025-04-13 12:20:51,477 [WARN] PackLoader:240 - Cannot read IP mode file for STMicroelectronics.FP-SNS-STBOX1.2.0.0
2025-04-13 12:20:51,490 [WARN] PackLoader:240 - Cannot read IP mode file for STMicroelectronics.X-CUBE-SUBG2.5.0.0
2025-04-13 12:20:51,521 [WARN] PackLoader:240 - Cannot read IP mode file for STMicroelectronics.X-CUBE-AZRTOS-H7RS.1.1.0
2025-04-13 12:20:51,529 [WARN] PackLoader:240 - Cannot read IP mode file for Cesanta.I-CUBE-Mongoose.7.13.0
2025-04-13 12:20:51,545 [WARN] PackLoader:240 - Cannot read IP mode file for STMicroelectronics.X-CUBE-AZRTOS-G4.2.0.0
2025-04-13 12:20:51,552 [WARN] PackLoader:240 - Cannot read IP mode file for wolfSSL.I-CUBE-wolfSSH.1.4.20
2025-04-13 12:20:51,565 [WARN] PackLoader:240 - Cannot read IP mode file for STMicroelectronics.X-CUBE-IPS.3.1.0
2025-04-13 12:20:51,575 [WARN] PackLoader:240 - Cannot read IP mode file for STMicroelectronics.X-CUBE-ALS.1.0.2
2025-04-13 12:20:51,584 [WARN] PackLoader:240 - Cannot read IP mode file for portGmbH.I-Cube-SoM-uGOAL.1.1.0
2025-04-13 12:20:51,601 [WARN] PackLoader:240 - Cannot read IP mode file for STMicroelectronics.X-CUBE-AZRTOS-H7RS.1.0.0
2025-04-13 12:20:51,613 [WARN] PackLoader:240 - Cannot read IP mode file for STMicroelectronics.X-CUBE-TOF1.3.4.2
2025-04-13 12:20:51,620 [INFO] ThirdParty:978 - Integrity check success = true
2025-04-13 12:20:51,621 [INFO] IntegrityCheckThread:100 - exiting critical section [integrity check]
2025-04-13 12:20:51,621 [INFO] IntegrityCheckThread:103 - End integrity checks thread
2025-04-13 12:20:52,084 [INFO] WebApp:463 - Apply proxy settings
2025-04-13 12:20:52,085 [INFO] WebApp:548 - Chromium requires no authentication
2025-04-13 12:20:52,104 [INFO] WebApp:491 - Direct internet connection detected
2025-04-13 12:20:52,132 [INFO] WebApp:894 - Register for checkConnection events
2025-04-13 12:20:52,133 [INFO] WebApp:463 - Apply proxy settings
2025-04-13 12:20:52,133 [INFO] WebApp:548 - Chromium requires no authentication
2025-04-13 12:20:52,133 [INFO] WebApp:491 - Direct internet connection detected
2025-04-13 12:20:52,324 [INFO] WebApp:191 - Connection restablished
2025-04-13 12:20:52,454 [INFO] WebApp:225 - Starting web application
2025-04-13 12:20:52,454 [INFO] WebApp:593 - Web application path used C:\ST\STM32CubeIDE_1.18.0\STM32CubeIDE\plugins\com.st.stm32cube.common.mx_6.14.0.202502271554\db\plugins\mcufinder\reactClient1\index.html
2025-04-13 12:20:52,699 [INFO] UserAuth:486 - Internet connection configuration mode: 1
