00:12:51 **** Incremental Build of configuration Debug for project DisplayCounter ****
make -j12 all 
arm-none-eabi-gcc "../Core/Src/main.c" -mcpu=cortex-m4 -std=gnu11 -g3 -DDEBUG -DUSE_HAL_DRIVER -DSTM32L496xx -c -I../Core/Inc -I../Drivers/STM32L4xx_HAL_Driver/Inc -I../Drivers/STM32L4xx_HAL_Driver/Inc/Legacy -I../Drivers/CMSIS/Device/ST/STM32L4xx/Include -I../Drivers/CMSIS/Include -O0 -ffunction-sections -fdata-sections -Wall -fstack-usage -fcyclomatic-complexity -MMD -MP -MF"Core/Src/main.d" -MT"Core/Src/main.o" --specs=nano.specs -mfpu=fpv4-sp-d16 -mfloat-abi=hard -mthumb -o "Core/Src/main.o"
arm-none-eabi-gcc -o "DisplayCounter.elf" @"objects.list"   -mcpu=cortex-m4 -T"C:\Users\Damian\STM32CubeIDE\workspace_1.18.0\DisplayCounter\STM32L496ZGTX_FLASH.ld" --specs=nosys.specs -Wl,-Map="DisplayCounter.map" -Wl,--gc-sections -static --specs=nano.specs -mfpu=fpv4-sp-d16 -mfloat-abi=hard -mthumb -Wl,--start-group -lc -lm -Wl,--end-group
Finished building target: DisplayCounter.elf
 
arm-none-eabi-size  DisplayCounter.elf 
arm-none-eabi-objdump -h -S DisplayCounter.elf  > "DisplayCounter.list"
   text	   data	    bss	    dec	    hex	filename
   6760	     12	   1572	   8344	   2098	DisplayCounter.elf
Finished building: default.size.stdout
 
Finished building: DisplayCounter.list
 

00:12:52 Build Finished. 0 errors, 0 warnings. (took 1s.129ms)

