16:17:10 **** Incremental Build of configuration Debug for project STM32_Base_Project ****
make -j12 all 
arm-none-eabi-gcc "../Src/main.c" -mcpu=cortex-m4 -std=gnu11 -g3 -DDEBUG -DSTM32L4 -DSTM32L496ZGTx -DSTM32 -c -I../Inc -O0 -ffunction-sections -fdata-sections -Wall -fstack-usage -fcyclomatic-complexity -MMD -MP -MF"Src/main.d" -MT"Src/main.o" --specs=nano.specs -mfpu=fpv4-sp-d16 -mfloat-abi=hard -mthumb -o "Src/main.o"
arm-none-eabi-gcc -o "STM32_Base_Project.elf" @"objects.list"   -mcpu=cortex-m4 -T"C:\Users\Damian\STM32CubeIDE\workspace_1.18.0\STM32_base_project_without_HAL.zip_expanded\STM32_Base_Project\STM32L496ZGTX_FLASH.ld" --specs=nosys.specs -Wl,-Map="STM32_Base_Project.map" -Wl,--gc-sections -static --specs=nano.specs -mfpu=fpv4-sp-d16 -mfloat-abi=hard -mthumb -Wl,--start-group -lc -lm -Wl,--end-group
Finished building target: STM32_Base_Project.elf
 
arm-none-eabi-size  STM32_Base_Project.elf 
arm-none-eabi-objdump -h -S STM32_Base_Project.elf  > "STM32_Base_Project.list"
   text	   data	    bss	    dec	    hex	filename
   2340	      4	   1564	   3908	    f44	STM32_Base_Project.elf
Finished building: default.size.stdout
 
Finished building: STM32_Base_Project.list
 

16:17:11 Build Finished. 0 errors, 0 warnings. (took 703ms)

